    Finished `test` profile [unoptimized + debuginfo] target(s) in 0.21s
────────────
 Nextest run ID 8c9dbd25-6b7c-4329-b078-98adf32454c1 with nextest profile: default
    Starting 1 test across 1 binary (4 tests skipped)
       START [         ] (1/1) ahma_task_tree::orchestrator_test test_task_tree_extension_handler_bad_config

running 1 test

thread 'test_task_tree_extension_handler_bad_config' (1097584) panicked at ahma_task_tree/tests/orchestrator_test.rs:315:5:
ACTUAL ERROR: McpError(ErrorData { code: ErrorCode(-32602), message: "Subcommand 'None' for tool 'task_tree_bad_config' not found or invalid. Tool enabled=true, has_subcommands=false, num_subcommands=0, available_subcommands=[]", data: Some(Object {"subcommand": Null, "tool_name": String("task_tree_bad_config")}) })
note: run with `RUST_BACKTRACE=1` environment variable to display a backtrace
test test_task_tree_extension_handler_bad_config ... FAILED

failures:

failures:
    test_task_tree_extension_handler_bad_config

test result: FAILED. 0 passed; 1 failed; 0 ignored; 0 measured; 4 filtered out; finished in 0.01s

        FAIL [   0.020s] (1/1) ahma_task_tree::orchestrator_test test_task_tree_extension_handler_bad_config
  Cancelling due to test failure: 
────────────
     Summary [   0.020s] 1 test run: 0 passed, 1 failed, 4 skipped
        FAIL [   0.020s] (1/1) ahma_task_tree::orchestrator_test test_task_tree_extension_handler_bad_config
error: test run failed
